// Jest Snapshot v1, https://goo.gl/fbAQLP

exports[`AmotizationOption component Test Cases should match the snapshot 1`] = `"<label><input type=\\"radio\\" name=\\"mortgageTerm\\"/></label>"`;
