// Jest Snapshot v1, https://goo.gl/fbAQLP

exports[`MortgageForm component Test Cases should match the snapshot 1`] = `"<form class=\\"form-group\\"><div class=\\"input-group\\"><label>Mortgage Amount</label><div class=\\"input-box\\"><div class=\\"add-on right-align\\">CAD</div><input type=\\"text\\" name=\\"mortgageAmount\\" class=\\"left-align\\" value=\\"\\" placeholder=\\"Mortgae Amount\\"/></div></div><div class=\\"input-group\\"><label>Interest Rate</label><div class=\\"input-box\\"><input type=\\"number\\" class=\\"right-align\\" name=\\"interestRate\\" value=\\"\\" placeholder=\\"Mortgage Rate\\"/><div class=\\"add-on left-align\\">%</div></div></div><div class=\\"input-group\\"><label>Down Payment</label><div class=\\"input-box\\"><input type=\\"number\\" name=\\"downPayment\\" class=\\"right-flat\\" value=\\"\\" placeholder=\\"DownPayment Rate\\"/><div class=\\"add-on left-align\\">%</div></div></div><div class=\\"input-group\\"><label>Amortization Period</label><div class=\\"radio-group\\"><label><input type=\\"radio\\" name=\\"mortgageTerm\\" value=\\"5\\"/>5</label><label><input type=\\"radio\\" name=\\"mortgageTerm\\" value=\\"10\\"/>10</label><label><input type=\\"radio\\" name=\\"mortgageTerm\\" value=\\"15\\"/>15</label><label><input type=\\"radio\\" name=\\"mortgageTerm\\" value=\\"20\\"/>20</label><label><input type=\\"radio\\" name=\\"mortgageTerm\\" value=\\"25\\"/>25</label></div></div><input type=\\"submit\\" value=\\"Calculate\\" class=\\"calculate-btn\\" disabled=\\"\\"/></form><div class=\\"summaryHide\\"><h2>Your Mortgage Report</h2><div class=\\"results\\"><div class=\\"resultRow\\"><div class=\\"resultLabel\\">Mortgage Amount</div><div class=\\"resultValue\\"></div></div></div></div>"`;
